nohup: ignoring input

> gateway@1.0.0 dev
> nodemon src/index.ts

[33m[nodemon] 3.1.11[39m
[33m[nodemon] to restart at any time, enter `rs`[39m
[33m[nodemon] watching path(s): *.*[39m
[33m[nodemon] watching extensions: ts,json[39m
[32m[nodemon] starting `ts-node src/index.ts`[39m
node:events:486
      throw er; // Unhandled 'error' event
      ^

Error: EBADF: bad file descriptor, read
Emitted 'error' event on ReadStream instance at:
    at emitErrorNT (node:internal/streams/destroy:170:8)
    at errorOrDestroy (node:internal/streams/destroy:239:7)
    at node:internal/fs/streams:275:9
    at FSReqCallback.wrapper [as oncomplete] (node:fs:669:5) {
  errno: -9,
  code: 'EBADF',
  syscall: 'read'
}

Node.js v24.13.0
npm error Lifecycle script `dev` failed with error:
npm error code 1
npm error path /home/ashwinsoni/Documents/GitHub/Timber/backend/gateway
npm error workspace gateway@1.0.0
npm error location /home/ashwinsoni/Documents/GitHub/Timber/backend/gateway
npm error command failed
npm error command sh -c nodemon src/index.ts
🌲 Timber Gateway running on port 8080
[Gateway] New Upload Session: 39QjEP7FTtPQCz2yNN8kuqYTuB4 (test_quic_upload.txt)
[Gateway] New Upload Session: 39QjELCINtQuq2Q8tQgZ55it5Ny (Screenshot from 2026-01-06 23-40-41.png)
[Gateway] New Upload Session: 39QjGeot3uyZpXG6wiH5Tm3LOBk (test_quic_upload.txt)
[Gateway] New Upload Session: 39QjISllT0fOflI3DiCSIaZO6PS (test_quic_upload.txt)
[Gateway] New Upload Session: 39QjJSlqCuNF8rq6LwFrGNXKhl0 (test.txt)
[Gateway] New Upload Session: 39QjLIdtXVTU7djmqwO4LA6lLH3 (test_quic_upload.txt)
[Gateway] New Upload Session: 39QjMoOm6iDtkg56KDBA21OS4N7 (test_quic_upload.txt)
[Gateway] New Upload Session: 39QjPbCsucbBwP9bedgscrejsP7 (test_quic_upload.txt)
[Gateway] New Upload Session: 39QjQNSmYznD0wBgtjIwBFgoWQm (test_quic_upload.txt)
